Error type A at Line 4: Mysterious characters "~".
