Error type B at Line 5: Missing "]".
Error type B at Line 6: Missing ";".
