Error type B at Line 3: missing ";"
Error type B at Line 4: missing ";"
