Program (1)
  ExtDefList (1)
    ExtDef (1)
      Specifier (1)
        TYPE: int
      FunDec (1)
        ID: inc
        LP
        RP
      CompSt (1)
        LC
        StmtList (2)
          Stmt (2)
            Exp (2)
              ID: error
            SEMI
        RC
