Error type 17 at Line 3: Undefined structure "Position".
