Error type 19 at Line 8: Inconsistent declaration of function "func".
Error type 18 at Line 6: Undefined function "func".
