Error type 4 at Line 6: Redefined function "func".
