Error type 12 at Line 4: "1.5" is not an integer.
