Error type 8 at Line 4: Type mismatched for return.
