Error type 6 at Line 4: The left-hand side of an assignment must be a variable.
