Error type 5 at Line 4: Type mismatched for assignment.
