Error type 7 at Line 4: Type mismatched for operands.
