Error type 5 at Line 16: Type mismatched for assignment.
