Error type 9 at Line 8: Function "func(int)" is not applicable for arguments "(int, int)".
