Error type 2 at Line 4: Undefined function "inc".
