Error type 16 at Line 6: Duplicated name "Position".
