Error type A at Line 3: Illegal octal INT number: "09".
Error type A at Line 4: Illegal hexademical INT number: "0x3G".
