Error type A at Line 3: Illegal FLOAT number: "1.05e"
