Error type B at Line 10: missing ";"
Error type B at Line 11: Something wrong with the statement
