Error type B at Line 4: Something wrong with the expression(expect expression before token 'ASSIGNOP' ).
