Error type B at Line 3: Something wrong with the expression(expect expression before token 'ASSIGNOP' ).
