Error type B at Line 2: Some thing wrong inside the structure.
